[backblue.gif]
[fade.gif]
[index.html]
[cdnjs.cloudflare.com/ajax/libs/font-awesome/5.15.2/css/all.min.css]
[www.oktaydev.com.tr/assets/profile.gif]
[www.oktaydev.com.tr/assets/picture1.png]
[www.oktaydev.com.tr/assets/picture2.png]
[www.oktaydev.com.tr/assets/picture3.png]
[www.oktaydev.com.tr/assets/picture4.png]
[www.oktaydev.com.tr/assets/picture6.png]
[www.oktaydev.com.tr/assets/picture7.png]
[www.oktaydev.com.tr/assets/picture8.png]
[www.oktaydev.com.tr/assets/picture9.png]
[www.oktaydev.com.tr/assets/pircute10.jpg]
[cdnjs.cloudflare.com/ajax/libs/jquery/3.6.0/jquery.min.js]
[www.oktaydev.com.tr/js/jquery.js]
[www.oktaydev.com.tr/js/lightbox.js]
[www.oktaydev.com.tr/js/script.js]
[www.oktaydev.com.tr/index.html]
[cdnjs.cloudflare.com/ajax/libs/font-awesome/5.15.2/css/all.min.css]
[www.oktaydev.com.tr/images/loading.gif]
[www.oktaydev.com.tr/images/prev.png]
[www.oktaydev.com.tr/images/next.png]
[www.oktaydev.com.tr/images/close.png]
[www.oktaydev.com.tr/css/lightbox.css]
[www.oktaydev.com.tr/style.css]
[cdnjs.cloudflare.com/ajax/libs/font-awesome/5.15.3/css/all.min.css]
[cdnjs.cloudflare.com/ajax/libs/jquery/3.3.1/jquery.min.js]
[cdn.discordapp.com/avatars/1193730158042021988/a_24df23f99c8737049c52ba8bac0956219b07.gif]
[www.oktaydev.com.tr/botlar/main.js]
[www.oktaydev.com.tr/botlar/commands.js]
[code.iconify.design/1/1.0.4/iconify.min.js]
[www.oktaydev.com.tr/botlar/index.html]
[www.oktaydev.com.tr/botlar/style.css]
[cdnjs.cloudflare.com/ajax/libs/font-awesome/5.15.3/css/all.min.css]
[cdn.jsdelivr.net/npm/boxicons@2.0.5/css/boxicons.min.css]
[www.oktaydev.com.tr/botlar/kirito/main.js]
[www.oktaydev.com.tr/botlar/kirito/commands.js]
[www.oktaydev.com.tr/botlar/kirito/index.html]
[www.oktaydev.com.tr/botlar/rimuru/main.js]
[www.oktaydev.com.tr/botlar/rimuru/commands.js]
[www.oktaydev.com.tr/botlar/rimuru/index.html]
[cdn.jsdelivr.net/npm/boxicons@2.0.5/css/boxicons.min.css]
[www.oktaydev.com.tr/botlar/kirito/style.css]
[www.oktaydev.com.tr/botlar/rimuru/style.css]
